// Jest Snapshot v1, https://goo.gl/fbAQLP

exports[`Icon should match Definitions 1`] = `
<svg
  height={0}
  style={
    {
      "height": 0,
      "position": "absolute",
      "width": 0,
    }
  }
  version="1.1"
  width={0}
  xmlns="http://www.w3.org/2000/svg"
  xmlnsXlink="http://www.w3.org/1999/xlink"
>
  <defs>
    <symbol
      id="icon-heart"
      viewBox="0 0 64 64"
    >
      <title>
        heart
      </title>
      <path
        className="heart"
        d="m61.1 18.2c-6.4-17-27.2-9.4-29.1-.9-2.6-9-22.9-15.7-29.1.9-6.9 18.5 26.7 35.1 29.1 37.8 2.4-2.2 36-19.6 29.1-37.8"
        fill="#ff5a79"
      />
    </symbol>
    <symbol
      id="icon-star-fill"
      viewBox="0 0 800 800"
      x="0px"
      y="0px"
    >
      <title>
        star fill
      </title>
      <path
        d="M438.6,41.5l90.2,182.8c6.3,12.7,18.4,21.5,32.4,23.6l201.8,29.3c35.3,5.1,49.4,48.6,23.9,73.5L641,493  c-10.1,9.9-14.8,24.2-12.4,38.1l34.5,201c6,35.2-30.9,62-62.5,45.4l-180.5-94.9c-12.5-6.6-27.6-6.6-40.1,0l-180.5,94.9  c-31.6,16.6-68.6-10.2-62.5-45.4l34.5-201c2.4-14-2.2-28.2-12.4-38.1l-146-142.3c-25.6-24.9-11.5-68.4,23.9-73.5l201.8-29.3  c14-2,26.2-10.8,32.4-23.6l90.2-182.8C377.2,9.5,422.8,9.5,438.6,41.5z"
        fill="#ffdd67"
      />
    </symbol>
    <symbol
      id="icon-star"
      viewBox="0 0 800 800"
      x="0px"
      y="0px"
    >
      <title>
        star
      </title>
      <path
        d="M787,350.7c25.6-24.9,11.5-68.3-23.9-73.5l-201.8-29.3c-14-2-26.2-10.8-32.4-23.6L438.6,41.5  c-15.8-32-61.5-32-77.2,0l-90.2,182.8c-6.3,12.7-18.4,21.5-32.4,23.6L36.9,277.2c-35.3,5.1-49.4,48.5-23.9,73.5l146,142.3  c10.1,9.9,14.8,24.2,12.4,38.1l-34.5,201c-6,35.2,30.9,62,62.5,45.4L380,682.6c12.5-6.6,27.6-6.6,40.1,0l180.5,94.9  c31.6,16.6,68.6-10.2,62.5-45.4l-34.5-201c-2.4-14,2.2-28.2,12.4-38.1L787,350.7z M577.6,428c-31.6,30.8-45.9,75.1-38.5,118.5  l18.1,105.8l-95-50C443.1,592.3,421.6,587,400,587c-21.6,0-43.1,5.3-62.2,15.3l-95.1,50l18.2-105.9c7.5-43.4-6.9-87.6-38.5-118.4  l-76.9-75l106.3-15.4c43.6-6.3,81.2-33.7,100.7-73.2l47.5-96.3l47.5,96.3c19.5,39.5,57.2,66.9,100.8,73.2l106.2,15.4L577.6,428z"
      />
    </symbol>
    <symbol
      id="icon-twitter"
      viewBox="0 0 64 64"
    >
      <title>
        twitter
      </title>
      <g
        fill="#42ade2"
      >
        <path
          d="m59.8 24.3c0 0 1.1-6.2-3.5-3.4 0 0-.4-6.3-4.3-1.9 0 0-2.1-3.9-4.4-.3-3.1 4.8-5.2 12.4-3.2 25l3.8-2.5c2.7-7.9 12.4-8.8 13.7-13.1.9-3-2.1-3.8-2.1-3.8"
        />
        <path
          d="m22.1 17.6l-9.9 3.6c2.2-12 16.6-11.2 16.6-11.2s-6.8 3.2-6.7 7.6"
        />
        <path
          d="m23.7 19.8l-10.5 1.4c4.8-11.2 18.7-7.3 18.7-7.3s-7.3 1.6-8.2 5.9"
        />
      </g>
      <g
        fill="#ffd93b"
      >
        <path
          d="m2 29l5.4-1.4v3.6c0-.1-3.3-.6-5.4-2.2"
        />
        <path
          d="M7.4,27.5L2,24.8c3.6-2.8,7.7-1.9,7.7-1.9L7.4,27.5z"
        />
      </g>
      <g
        fill="#e08828"
      >
        <path
          d="m33.8 53h-2.1v7.9c-.3.1-2.1-.1-2.9-.1-1.8 0-3.3 1.3-3.3 1.3h8.3v-9.1"
        />
        <path
          d="m25 53h-2.1v7.9c-.3.1-2.1-.1-2.9-.1-1.8 0-3.3 1.3-3.3 1.3h8.3v-9.1"
        />
        <path
          d="m54 36.2c3.9 0-4.1 17.5-23.3 17.5-13 0-23.9-5.2-23.9-21.5 0-10.1 6.4-18.3 19.5-15 13.3 3.5 6.5 19 27.7 19"
          fill="#42ade2"
        />
        <path
          d="m37.6 51.7c-15.6 0-14-12-27.9-11.2 5.1 15.8 27.9 11.2 27.9 11.2"
          fill="#fff"
        />
        <path
          d="m39.1 29.2c-10-9.8-20.2 6.2-7.9 12.6 12.1 6.2 20.4-4.8 20.4-4.8s-6.1-1.5-12.5-7.8"
          fill="#297b9d"
        />
      </g>
      <circle
        cx="15.1"
        cy="24.9"
        fill="#3e4347"
        r="2.5"
      />
    </symbol>
    <symbol
      id="icon-twitter-x"
      viewBox="0 0 48 35"
    >
      <title>
        twitter-x
      </title>
      <path
        d="M12.91 5.477l14.813 19.882-14.907 16.164h3.356l13.05-14.152 10.544 14.152h11.418l-15.645-21L49.414 5.477H46.06l-12.02 13.035-9.71-13.035zm4.934 2.48h5.242L46.25 39.043h-5.246zm0 0"
      />
    </symbol>
    <symbol
      id="icon-list"
      viewBox="0 0 512 512"
      x="0px"
      y="0px"
    >
      <title>
        list
      </title>
      <path
        className=""
        d="M149.333 216v80c0 13.255-10.745 24-24 24H24c-13.255 0-24-10.745-24-24v-80c0-13.255 10.745-24 24-24h101.333c13.255 0 24 10.745 24 24zM0 376v80c0 13.255 10.745 24 24 24h101.333c13.255 0 24-10.745 24-24v-80c0-13.255-10.745-24-24-24H24c-13.255 0-24 10.745-24 24zM125.333 32H24C10.745 32 0 42.745 0 56v80c0 13.255 10.745 24 24 24h101.333c13.255 0 24-10.745 24-24V56c0-13.255-10.745-24-24-24zm80 448H488c13.255 0 24-10.745 24-24v-80c0-13.255-10.745-24-24-24H205.333c-13.255 0-24 10.745-24 24v80c0 13.255 10.745 24 24 24zm-24-424v80c0 13.255 10.745 24 24 24H488c13.255 0 24-10.745 24-24V56c0-13.255-10.745-24-24-24H205.333c-13.255 0-24 10.745-24 24zm24 264H488c13.255 0 24-10.745 24-24v-80c0-13.255-10.745-24-24-24H205.333c-13.255 0-24 10.745-24 24v80c0 13.255 10.745 24 24 24z"
        fill="currentColor"
      />
    </symbol>
    <symbol
      id="icon-grid"
      viewBox="0 0 512 512"
    >
      <title>
        grid
      </title>
      <path
        d="M149.333 56v80c0 13.255-10.745 24-24 24H24c-13.255 0-24-10.745-24-24V56c0-13.255 10.745-24 24-24h101.333c13.255 0 24 10.745 24 24zm181.334 240v-80c0-13.255-10.745-24-24-24H205.333c-13.255 0-24 10.745-24 24v80c0 13.255 10.745 24 24 24h101.333c13.256 0 24.001-10.745 24.001-24zm32-240v80c0 13.255 10.745 24 24 24H488c13.255 0 24-10.745 24-24V56c0-13.255-10.745-24-24-24H386.667c-13.255 0-24 10.745-24 24zm-32 80V56c0-13.255-10.745-24-24-24H205.333c-13.255 0-24 10.745-24 24v80c0 13.255 10.745 24 24 24h101.333c13.256 0 24.001-10.745 24.001-24zm-205.334 56H24c-13.255 0-24 10.745-24 24v80c0 13.255 10.745 24 24 24h101.333c13.255 0 24-10.745 24-24v-80c0-13.255-10.745-24-24-24zM0 376v80c0 13.255 10.745 24 24 24h101.333c13.255 0 24-10.745 24-24v-80c0-13.255-10.745-24-24-24H24c-13.255 0-24 10.745-24 24zm386.667-56H488c13.255 0 24-10.745 24-24v-80c0-13.255-10.745-24-24-24H386.667c-13.255 0-24 10.745-24 24v80c0 13.255 10.745 24 24 24zm0 160H488c13.255 0 24-10.745 24-24v-80c0-13.255-10.745-24-24-24H386.667c-13.255 0-24 10.745-24 24v80c0 13.255 10.745 24 24 24zM181.333 376v80c0 13.255 10.745 24 24 24h101.333c13.255 0 24-10.745 24-24v-80c0-13.255-10.745-24-24-24H205.333c-13.255 0-24 10.745-24 24z"
        fill="currentColor"
      />
    </symbol>
    <symbol
      id="icon-light"
      viewBox="0 0 24 24"
    >
      <title>
        light
      </title>
      <path
        d="M3.563 18.563l1.781-1.828 1.406 1.406-1.781 1.828zM11.016 22.453v-2.953h1.969v2.953h-1.969zM12 5.484q2.484 0 4.242 1.758t1.758 4.242-1.758 4.242-4.242 1.758-4.242-1.758-1.758-4.242 1.758-4.242 4.242-1.758zM20.016 10.5h3v2.016h-3v-2.016zM17.25 18.141l1.406-1.359 1.781 1.781-1.406 1.406zM20.438 4.453l-1.781 1.781-1.406-1.406 1.781-1.781zM12.984 0.563v2.953h-1.969v-2.953h1.969zM3.984 10.5v2.016h-3v-2.016h3zM6.75 4.828l-1.406 1.406-1.781-1.781 1.406-1.406z"
        fill="currentColor"
      />
    </symbol>
    <symbol
      id="icon-dark"
      viewBox="0 0 24 24"
    >
      <title>
        dark
      </title>
      <path
        d="M9.984 2.016q4.172 0 7.102 2.93t2.93 7.055-2.93 7.055-7.102 2.93q-2.719 0-4.969-1.313 2.297-1.313 3.633-3.633t1.336-5.039-1.336-5.039-3.633-3.633q2.25-1.313 4.969-1.313z"
        fill="currentColor"
      />
    </symbol>
  </defs>
</svg>
`;

exports[`Icon should render the component 1`] = `
<svg
  className="icon icon-star"
  height="1em"
  width="1em"
>
  <use
    xlinkHref="#icon-star"
  />
</svg>
`;
