// Jest Snapshot v1, https://goo.gl/fbAQLP

exports[`Button should render the component 1`] = `
<a
  className="button"
  href="/"
  target="_blank"
>
  <svg
    className="icon icon-star"
    height="1em"
    width="1em"
  >
    <use
      xlinkHref="#icon-star"
    />
  </svg>
  GitHub
</a>
`;
